 [‚è±1ms][üè∑compiler:unknown] [‚è±3ms]$ cloudcannon files pull [‚è±6980ms]
Using hugo compiler [‚è±27ms]
Removing 11494 files...  [‚è±695ms]done [‚è±1ms]
Updating 2 files...  [‚è±194ms]done [‚è±101ms]
$ cloudcannon run build [‚è±2ms]
Preparing HTML files...  [‚è±68ms]done [‚è±2ms] [‚è±2199ms]
$ source .cloudcannon/preinstall [‚è±1ms]
Not found. [‚è±1ms]
$ cd /usr/local/__site/src/ [‚è±1ms]
$ export NODE_PATH=`pwd`/node_modules:$NODE_PATH [‚è±1ms]
$ [ -f package.json ] && npm i [‚è±2746ms]
npm WARN deprecated lezer@0.13.5: This package has been replaced by @lezer/lr [‚è±7ms]
npm WARN deprecated lezer-tree@0.13.2: This package has been replaced by @lezer/common [‚è±3639ms]
 [‚è±1ms]
added 139 packages, and audited 140 packages in 6s [‚è±1ms]
 [‚è±1ms]
13 packages are looking for funding [‚è±1ms]
  run `npm fund` for details [‚è±4ms]
 [‚è±1ms]
5 vulnerabilities (4 moderate, 1 high) [‚è±1ms]
 [‚è±1ms]
To address issues that do not require attention, run: [‚è±1ms]
  npm audit fix [‚è±1ms]
 [‚è±1ms]
Some issues need review, and may require choosing [‚è±1ms]
a different dependency. [‚è±1ms]
 [‚è±1ms]
Run `npm audit` for details. [‚è±1ms]
npm notice  [‚è±1ms]
npm notice New major version of npm available! 9.6.7 -> 10.2.3 [‚è±1ms]
npm notice Changelog: <https://github.com/npm/cli/releases/tag/v10.2.3> [‚è±1ms]
npm notice Run `npm install -g npm@10.2.3` to update! [‚è±1ms]
npm notice  [‚è±44ms]
$ cd /usr/local/__site/src/ [‚è±1ms]
$ source .cloudcannon/prebuild [‚è±1ms]
Not found. [‚è±1ms]
$ cd /usr/local/__site/src/ [‚è±304ms]
[üè∑hugo:0.118.2-da7983ac4b94d97d776d7c2405040de97e95c03d+extended] [‚è±1ms]
$ hugo --baseURL / --destination public
